../Core/Src/main.c:125:5:_write	32	static
../Core/Src/main.c:135:6:httpd_cgi_handler	48	static
../Core/Src/main.c:214:8:httpd_post_begin	24	static
../Core/Src/main.c:249:8:httpd_post_receive_data	24	static
../Core/Src/main.c:276:7:httpd_post_finished	64	static
../Core/Src/main.c:366:5:main	8	static
../Core/Src/main.c:417:6:SystemClock_Config	88	static
../Core/Src/main.c:468:13:MX_USART1_UART_Init	8	static
../Core/Src/main.c:503:13:MX_GPIO_Init	56	static
../Core/Src/main.c:613:6:Error_Handler	4	static,ignoring_inline_asm
